2025-09-17 19:25:36,585 - DualBoardTrainer_rebalanced_model - INFO - Logging setup complete: C:\Users\munee\OneDrive\Desktop\robotics-research\logs\dual_board_training_rebalanced_model.log
2025-09-17 19:25:36,585 - DualBoardTrainer_rebalanced_model - INFO - Dual Board Model Trainer Initialized
2025-09-17 19:25:36,586 - DualBoardTrainer_rebalanced_model - INFO -    Base model: yolov8x.pt
2025-09-17 19:25:36,586 - DualBoardTrainer_rebalanced_model - INFO -    Experiment: rebalanced_model
2025-09-17 19:25:36,586 - DualBoardTrainer_rebalanced_model - INFO -    GPU available: True
2025-09-17 19:25:36,587 - DualBoardTrainer_rebalanced_model - INFO -    Using GPU: True
2025-09-17 19:25:36,588 - DualBoardTrainer_rebalanced_model - INFO -    GPU: NVIDIA GeForce RTX 4070 Ti (12.0GB)
2025-09-17 19:25:36,588 - DualBoardTrainer_rebalanced_model - INFO - Starting dual board model training...
2025-09-17 19:25:36,588 - DualBoardTrainer_rebalanced_model - INFO - Validating dataset...
2025-09-17 19:25:36,594 - DualBoardTrainer_rebalanced_model - INFO -    Dataset statistics:
2025-09-17 19:25:36,595 - DualBoardTrainer_rebalanced_model - INFO -      Classes: 16
2025-09-17 19:25:36,595 - DualBoardTrainer_rebalanced_model - INFO -      Training images: 613
2025-09-17 19:25:36,595 - DualBoardTrainer_rebalanced_model - INFO -      Training labels: 613
2025-09-17 19:25:36,595 - DualBoardTrainer_rebalanced_model - INFO -      Validation images: 38
2025-09-17 19:25:36,595 - DualBoardTrainer_rebalanced_model - INFO -      Validation labels: 38
2025-09-17 19:25:36,595 - DualBoardTrainer_rebalanced_model - INFO - Dataset validation passed
2025-09-17 19:25:37,127 - DualBoardTrainer_rebalanced_model - INFO - Calculated optimal batch size: 12 (GPU: 12.0GB)
2025-09-17 19:25:37,127 - DualBoardTrainer_rebalanced_model - INFO - Training Parameters:
2025-09-17 19:25:37,127 - DualBoardTrainer_rebalanced_model - INFO -    epochs: 100
2025-09-17 19:25:37,127 - DualBoardTrainer_rebalanced_model - INFO -    imgsz: 640
2025-09-17 19:25:37,127 - DualBoardTrainer_rebalanced_model - INFO -    batch: 8
2025-09-17 19:25:37,127 - DualBoardTrainer_rebalanced_model - INFO -    device: 0
2025-09-17 19:25:37,128 - DualBoardTrainer_rebalanced_model - INFO -    workers: 8
2025-09-17 19:25:37,128 - DualBoardTrainer_rebalanced_model - INFO -    project: dual_board_training
2025-09-17 19:25:37,128 - DualBoardTrainer_rebalanced_model - INFO -    name: rebalanced_model
2025-09-17 19:25:37,128 - DualBoardTrainer_rebalanced_model - INFO -    exist_ok: True
2025-09-17 19:25:37,128 - DualBoardTrainer_rebalanced_model - INFO -    optimizer: AdamW
2025-09-17 19:25:37,128 - DualBoardTrainer_rebalanced_model - INFO -    lr0: 0.001
2025-09-17 19:25:37,128 - DualBoardTrainer_rebalanced_model - INFO -    lrf: 0.01
2025-09-17 19:25:37,128 - DualBoardTrainer_rebalanced_model - INFO -    momentum: 0.937
2025-09-17 19:25:37,129 - DualBoardTrainer_rebalanced_model - INFO -    weight_decay: 0.0005
2025-09-17 19:25:37,129 - DualBoardTrainer_rebalanced_model - INFO -    warmup_epochs: 5
2025-09-17 19:25:37,129 - DualBoardTrainer_rebalanced_model - INFO -    warmup_momentum: 0.8
2025-09-17 19:25:37,129 - DualBoardTrainer_rebalanced_model - INFO -    warmup_bias_lr: 0.1
2025-09-17 19:25:37,129 - DualBoardTrainer_rebalanced_model - INFO -    cos_lr: True
2025-09-17 19:25:37,129 - DualBoardTrainer_rebalanced_model - INFO -    patience: 30
2025-09-17 19:25:37,129 - DualBoardTrainer_rebalanced_model - INFO -    close_mosaic: 15
2025-09-17 19:25:37,129 - DualBoardTrainer_rebalanced_model - INFO -    box: 7.5
2025-09-17 19:25:37,129 - DualBoardTrainer_rebalanced_model - INFO -    cls: 0.5
2025-09-17 19:25:37,130 - DualBoardTrainer_rebalanced_model - INFO -    dfl: 1.5
2025-09-17 19:25:37,130 - DualBoardTrainer_rebalanced_model - INFO -    hsv_h: 0.015
2025-09-17 19:25:37,130 - DualBoardTrainer_rebalanced_model - INFO -    hsv_s: 0.5
2025-09-17 19:25:37,130 - DualBoardTrainer_rebalanced_model - INFO -    hsv_v: 0.4
2025-09-17 19:25:37,130 - DualBoardTrainer_rebalanced_model - INFO -    degrees: 5.0
2025-09-17 19:25:37,130 - DualBoardTrainer_rebalanced_model - INFO -    translate: 0.1
2025-09-17 19:25:37,130 - DualBoardTrainer_rebalanced_model - INFO -    scale: 0.3
2025-09-17 19:25:37,130 - DualBoardTrainer_rebalanced_model - INFO -    shear: 2.0
2025-09-17 19:25:37,130 - DualBoardTrainer_rebalanced_model - INFO -    perspective: 0.0
2025-09-17 19:25:37,130 - DualBoardTrainer_rebalanced_model - INFO -    flipud: 0.0
2025-09-17 19:25:37,131 - DualBoardTrainer_rebalanced_model - INFO -    fliplr: 0.5
2025-09-17 19:25:37,131 - DualBoardTrainer_rebalanced_model - INFO -    mosaic: 0.3
2025-09-17 19:25:37,131 - DualBoardTrainer_rebalanced_model - INFO -    mixup: 0.05
2025-09-17 19:25:37,131 - DualBoardTrainer_rebalanced_model - INFO -    copy_paste: 0.05
2025-09-17 19:25:37,131 - DualBoardTrainer_rebalanced_model - INFO -    val: True
2025-09-17 19:25:37,131 - DualBoardTrainer_rebalanced_model - INFO -    save: True
2025-09-17 19:25:37,131 - DualBoardTrainer_rebalanced_model - INFO -    save_period: 10
2025-09-17 19:25:37,131 - DualBoardTrainer_rebalanced_model - INFO -    plots: True
2025-09-17 19:25:37,131 - DualBoardTrainer_rebalanced_model - INFO -    verbose: True
2025-09-17 19:25:37,131 - DualBoardTrainer_rebalanced_model - INFO -    amp: True
2025-09-17 19:25:37,132 - DualBoardTrainer_rebalanced_model - INFO -    fraction: 1.0
2025-09-17 19:25:37,132 - DualBoardTrainer_rebalanced_model - INFO -    profile: False
2025-09-17 19:25:37,132 - DualBoardTrainer_rebalanced_model - INFO -    freeze: None
2025-09-17 19:25:37,132 - DualBoardTrainer_rebalanced_model - INFO -    multi_scale: False
2025-09-17 19:25:37,132 - DualBoardTrainer_rebalanced_model - INFO -    overlap_mask: True
2025-09-17 19:25:37,132 - DualBoardTrainer_rebalanced_model - INFO -    mask_ratio: 4
2025-09-17 19:25:37,132 - DualBoardTrainer_rebalanced_model - INFO -    dropout: 0.0
2025-09-17 19:25:37,132 - DualBoardTrainer_rebalanced_model - INFO -    label_smoothing: 0.0
2025-09-17 19:25:37,132 - DualBoardTrainer_rebalanced_model - INFO -    nbs: 64
2025-09-17 19:25:37,133 - DualBoardTrainer_rebalanced_model - INFO - Beginning training process...
2025-09-17 19:58:45,968 - DualBoardTrainer_rebalanced_model - INFO - Training completed in 1988.84 seconds
2025-09-17 19:58:46,008 - DualBoardTrainer_rebalanced_model - INFO - Calculated optimal batch size: 12 (GPU: 12.0GB)
