2025-09-26 16:21:47,721 - DualBoardTrainer_photos_model_fixed - INFO - Logging setup complete: C:\Users\munee\OneDrive\Desktop\robotics-research\logs\dual_board_training_photos_model_fixed.log
2025-09-26 16:21:47,721 - DualBoardTrainer_photos_model_fixed - INFO - Dual Board Model Trainer Initialized
2025-09-26 16:21:47,721 - DualBoardTrainer_photos_model_fixed - INFO -    Base model: yolov8x.pt
2025-09-26 16:21:47,721 - DualBoardTrainer_photos_model_fixed - INFO -    Experiment: photos_model_fixed
2025-09-26 16:21:47,721 - DualBoardTrainer_photos_model_fixed - INFO -    GPU available: True
2025-09-26 16:21:47,722 - DualBoardTrainer_photos_model_fixed - INFO -    Using GPU: True
2025-09-26 16:21:47,723 - DualBoardTrainer_photos_model_fixed - INFO -    GPU: NVIDIA GeForce RTX 4070 Ti (12.0GB)
2025-09-26 16:21:47,723 - DualBoardTrainer_photos_model_fixed - INFO - Starting dual board model training...
2025-09-26 16:21:47,723 - DualBoardTrainer_photos_model_fixed - INFO - Validating dataset...
2025-09-26 16:21:47,726 - DualBoardTrainer_photos_model_fixed - INFO -    Dataset statistics:
2025-09-26 16:21:47,727 - DualBoardTrainer_photos_model_fixed - INFO -      Classes: 15
2025-09-26 16:21:47,727 - DualBoardTrainer_photos_model_fixed - INFO -      Training images: 64
2025-09-26 16:21:47,727 - DualBoardTrainer_photos_model_fixed - INFO -      Training labels: 192
2025-09-26 16:21:47,727 - DualBoardTrainer_photos_model_fixed - INFO -      Validation images: 26
2025-09-26 16:21:47,727 - DualBoardTrainer_photos_model_fixed - INFO -      Validation labels: 78
2025-09-26 16:21:47,727 - DualBoardTrainer_photos_model_fixed - INFO - Dataset validation passed
2025-09-26 16:21:48,058 - DualBoardTrainer_photos_model_fixed - INFO - Calculated optimal batch size: 12 (GPU: 12.0GB)
2025-09-26 16:21:48,059 - DualBoardTrainer_photos_model_fixed - INFO - Training Parameters:
2025-09-26 16:21:48,059 - DualBoardTrainer_photos_model_fixed - INFO -    epochs: 100
2025-09-26 16:21:48,059 - DualBoardTrainer_photos_model_fixed - INFO -    imgsz: 640
2025-09-26 16:21:48,059 - DualBoardTrainer_photos_model_fixed - INFO -    batch: 8
2025-09-26 16:21:48,059 - DualBoardTrainer_photos_model_fixed - INFO -    device: 0
2025-09-26 16:21:48,059 - DualBoardTrainer_photos_model_fixed - INFO -    workers: 8
2025-09-26 16:21:48,059 - DualBoardTrainer_photos_model_fixed - INFO -    project: dual_board_training
2025-09-26 16:21:48,060 - DualBoardTrainer_photos_model_fixed - INFO -    name: photos_model_fixed
2025-09-26 16:21:48,060 - DualBoardTrainer_photos_model_fixed - INFO -    exist_ok: True
2025-09-26 16:21:48,060 - DualBoardTrainer_photos_model_fixed - INFO -    optimizer: AdamW
2025-09-26 16:21:48,060 - DualBoardTrainer_photos_model_fixed - INFO -    lr0: 0.001
2025-09-26 16:21:48,060 - DualBoardTrainer_photos_model_fixed - INFO -    lrf: 0.01
2025-09-26 16:21:48,060 - DualBoardTrainer_photos_model_fixed - INFO -    momentum: 0.937
2025-09-26 16:21:48,060 - DualBoardTrainer_photos_model_fixed - INFO -    weight_decay: 0.0005
2025-09-26 16:21:48,060 - DualBoardTrainer_photos_model_fixed - INFO -    warmup_epochs: 5
2025-09-26 16:21:48,060 - DualBoardTrainer_photos_model_fixed - INFO -    warmup_momentum: 0.8
2025-09-26 16:21:48,060 - DualBoardTrainer_photos_model_fixed - INFO -    warmup_bias_lr: 0.1
2025-09-26 16:21:48,060 - DualBoardTrainer_photos_model_fixed - INFO -    cos_lr: True
2025-09-26 16:21:48,061 - DualBoardTrainer_photos_model_fixed - INFO -    patience: 30
2025-09-26 16:21:48,061 - DualBoardTrainer_photos_model_fixed - INFO -    close_mosaic: 15
2025-09-26 16:21:48,061 - DualBoardTrainer_photos_model_fixed - INFO -    box: 7.5
2025-09-26 16:21:48,061 - DualBoardTrainer_photos_model_fixed - INFO -    cls: 0.5
2025-09-26 16:21:48,061 - DualBoardTrainer_photos_model_fixed - INFO -    dfl: 1.5
2025-09-26 16:21:48,061 - DualBoardTrainer_photos_model_fixed - INFO -    hsv_h: 0.015
2025-09-26 16:21:48,061 - DualBoardTrainer_photos_model_fixed - INFO -    hsv_s: 0.5
2025-09-26 16:21:48,061 - DualBoardTrainer_photos_model_fixed - INFO -    hsv_v: 0.4
2025-09-26 16:21:48,061 - DualBoardTrainer_photos_model_fixed - INFO -    degrees: 5.0
2025-09-26 16:21:48,062 - DualBoardTrainer_photos_model_fixed - INFO -    translate: 0.1
2025-09-26 16:21:48,062 - DualBoardTrainer_photos_model_fixed - INFO -    scale: 0.3
2025-09-26 16:21:48,062 - DualBoardTrainer_photos_model_fixed - INFO -    shear: 2.0
2025-09-26 16:21:48,062 - DualBoardTrainer_photos_model_fixed - INFO -    perspective: 0.0
2025-09-26 16:21:48,062 - DualBoardTrainer_photos_model_fixed - INFO -    flipud: 0.0
2025-09-26 16:21:48,062 - DualBoardTrainer_photos_model_fixed - INFO -    fliplr: 0.5
2025-09-26 16:21:48,062 - DualBoardTrainer_photos_model_fixed - INFO -    mosaic: 0.3
2025-09-26 16:21:48,062 - DualBoardTrainer_photos_model_fixed - INFO -    mixup: 0.05
2025-09-26 16:21:48,062 - DualBoardTrainer_photos_model_fixed - INFO -    copy_paste: 0.05
2025-09-26 16:21:48,062 - DualBoardTrainer_photos_model_fixed - INFO -    val: True
2025-09-26 16:21:48,062 - DualBoardTrainer_photos_model_fixed - INFO -    save: True
2025-09-26 16:21:48,063 - DualBoardTrainer_photos_model_fixed - INFO -    save_period: 10
2025-09-26 16:21:48,063 - DualBoardTrainer_photos_model_fixed - INFO -    plots: True
2025-09-26 16:21:48,063 - DualBoardTrainer_photos_model_fixed - INFO -    verbose: True
2025-09-26 16:21:48,063 - DualBoardTrainer_photos_model_fixed - INFO -    amp: True
2025-09-26 16:21:48,063 - DualBoardTrainer_photos_model_fixed - INFO -    fraction: 1.0
2025-09-26 16:21:48,063 - DualBoardTrainer_photos_model_fixed - INFO -    profile: False
2025-09-26 16:21:48,063 - DualBoardTrainer_photos_model_fixed - INFO -    freeze: None
2025-09-26 16:21:48,063 - DualBoardTrainer_photos_model_fixed - INFO -    multi_scale: False
2025-09-26 16:21:48,063 - DualBoardTrainer_photos_model_fixed - INFO -    overlap_mask: True
2025-09-26 16:21:48,063 - DualBoardTrainer_photos_model_fixed - INFO -    mask_ratio: 4
2025-09-26 16:21:48,064 - DualBoardTrainer_photos_model_fixed - INFO -    dropout: 0.0
2025-09-26 16:21:48,064 - DualBoardTrainer_photos_model_fixed - INFO -    label_smoothing: 0.0
2025-09-26 16:21:48,064 - DualBoardTrainer_photos_model_fixed - INFO -    nbs: 64
2025-09-26 16:21:48,064 - DualBoardTrainer_photos_model_fixed - INFO - Beginning training process...
2025-09-26 16:28:37,169 - DualBoardTrainer_photos_model_fixed - INFO - Training completed in 409.10 seconds
2025-09-26 16:28:37,210 - DualBoardTrainer_photos_model_fixed - INFO - Calculated optimal batch size: 12 (GPU: 12.0GB)
