2025-09-17 19:02:20,576 - DualBoardTrainer_rebalanced_dual_board_model - INFO - Logging setup complete: /Users/mk/robotics-scripts/robotics-scripts/logs/dual_board_training_rebalanced_dual_board_model.log
2025-09-17 19:02:20,576 - DualBoardTrainer_rebalanced_dual_board_model - INFO - Dual Board Model Trainer Initialized
2025-09-17 19:02:20,576 - DualBoardTrainer_rebalanced_dual_board_model - INFO -    Base model: yolov8x.pt
2025-09-17 19:02:20,577 - DualBoardTrainer_rebalanced_dual_board_model - INFO -    Experiment: rebalanced_dual_board_model
2025-09-17 19:02:20,577 - DualBoardTrainer_rebalanced_dual_board_model - INFO -    GPU available: False
2025-09-17 19:02:20,577 - DualBoardTrainer_rebalanced_dual_board_model - INFO -    Using GPU: False
2025-09-17 19:02:20,577 - DualBoardTrainer_rebalanced_dual_board_model - INFO - Starting dual board model training...
2025-09-17 19:02:20,577 - DualBoardTrainer_rebalanced_dual_board_model - INFO - Validating dataset...
2025-09-17 19:02:20,580 - DualBoardTrainer_rebalanced_dual_board_model - INFO -    Dataset statistics:
2025-09-17 19:02:20,580 - DualBoardTrainer_rebalanced_dual_board_model - INFO -      Classes: 16
2025-09-17 19:02:20,580 - DualBoardTrainer_rebalanced_dual_board_model - INFO -      Training images: 613
2025-09-17 19:02:20,580 - DualBoardTrainer_rebalanced_dual_board_model - INFO -      Training labels: 613
2025-09-17 19:02:20,580 - DualBoardTrainer_rebalanced_dual_board_model - INFO -      Validation images: 38
2025-09-17 19:02:20,580 - DualBoardTrainer_rebalanced_dual_board_model - INFO -      Validation labels: 38
2025-09-17 19:02:20,580 - DualBoardTrainer_rebalanced_dual_board_model - INFO - Dataset validation passed
2025-09-17 19:02:20,580 - DualBoardTrainer_rebalanced_dual_board_model - INFO - 📥 Loading base model: yolov8x.pt
2025-09-17 19:02:20,737 - DualBoardTrainer_rebalanced_dual_board_model - INFO - Training Parameters:
2025-09-17 19:02:20,737 - DualBoardTrainer_rebalanced_dual_board_model - INFO -    epochs: 100
2025-09-17 19:02:20,737 - DualBoardTrainer_rebalanced_dual_board_model - INFO -    imgsz: 640
2025-09-17 19:02:20,737 - DualBoardTrainer_rebalanced_dual_board_model - INFO -    batch: 8
2025-09-17 19:02:20,737 - DualBoardTrainer_rebalanced_dual_board_model - INFO -    device: cpu
2025-09-17 19:02:20,737 - DualBoardTrainer_rebalanced_dual_board_model - INFO -    workers: 2
2025-09-17 19:02:20,737 - DualBoardTrainer_rebalanced_dual_board_model - INFO -    project: dual_board_training
2025-09-17 19:02:20,737 - DualBoardTrainer_rebalanced_dual_board_model - INFO -    name: rebalanced_dual_board_model
2025-09-17 19:02:20,737 - DualBoardTrainer_rebalanced_dual_board_model - INFO -    exist_ok: True
2025-09-17 19:02:20,737 - DualBoardTrainer_rebalanced_dual_board_model - INFO -    optimizer: AdamW
2025-09-17 19:02:20,737 - DualBoardTrainer_rebalanced_dual_board_model - INFO -    lr0: 0.001
2025-09-17 19:02:20,737 - DualBoardTrainer_rebalanced_dual_board_model - INFO -    lrf: 0.01
2025-09-17 19:02:20,737 - DualBoardTrainer_rebalanced_dual_board_model - INFO -    momentum: 0.937
2025-09-17 19:02:20,737 - DualBoardTrainer_rebalanced_dual_board_model - INFO -    weight_decay: 0.0005
2025-09-17 19:02:20,737 - DualBoardTrainer_rebalanced_dual_board_model - INFO -    warmup_epochs: 5
2025-09-17 19:02:20,737 - DualBoardTrainer_rebalanced_dual_board_model - INFO -    warmup_momentum: 0.8
2025-09-17 19:02:20,737 - DualBoardTrainer_rebalanced_dual_board_model - INFO -    warmup_bias_lr: 0.1
2025-09-17 19:02:20,737 - DualBoardTrainer_rebalanced_dual_board_model - INFO -    cos_lr: True
2025-09-17 19:02:20,737 - DualBoardTrainer_rebalanced_dual_board_model - INFO -    patience: 30
2025-09-17 19:02:20,737 - DualBoardTrainer_rebalanced_dual_board_model - INFO -    close_mosaic: 15
2025-09-17 19:02:20,737 - DualBoardTrainer_rebalanced_dual_board_model - INFO -    box: 7.5
2025-09-17 19:02:20,738 - DualBoardTrainer_rebalanced_dual_board_model - INFO -    cls: 0.5
2025-09-17 19:02:20,738 - DualBoardTrainer_rebalanced_dual_board_model - INFO -    dfl: 1.5
2025-09-17 19:02:20,738 - DualBoardTrainer_rebalanced_dual_board_model - INFO -    hsv_h: 0.015
2025-09-17 19:02:20,738 - DualBoardTrainer_rebalanced_dual_board_model - INFO -    hsv_s: 0.5
2025-09-17 19:02:20,738 - DualBoardTrainer_rebalanced_dual_board_model - INFO -    hsv_v: 0.4
2025-09-17 19:02:20,738 - DualBoardTrainer_rebalanced_dual_board_model - INFO -    degrees: 5.0
2025-09-17 19:02:20,738 - DualBoardTrainer_rebalanced_dual_board_model - INFO -    translate: 0.1
2025-09-17 19:02:20,738 - DualBoardTrainer_rebalanced_dual_board_model - INFO -    scale: 0.3
2025-09-17 19:02:20,738 - DualBoardTrainer_rebalanced_dual_board_model - INFO -    shear: 2.0
2025-09-17 19:02:20,738 - DualBoardTrainer_rebalanced_dual_board_model - INFO -    perspective: 0.0
2025-09-17 19:02:20,738 - DualBoardTrainer_rebalanced_dual_board_model - INFO -    flipud: 0.0
2025-09-17 19:02:20,738 - DualBoardTrainer_rebalanced_dual_board_model - INFO -    fliplr: 0.5
2025-09-17 19:02:20,738 - DualBoardTrainer_rebalanced_dual_board_model - INFO -    mosaic: 0.3
2025-09-17 19:02:20,738 - DualBoardTrainer_rebalanced_dual_board_model - INFO -    mixup: 0.05
2025-09-17 19:02:20,738 - DualBoardTrainer_rebalanced_dual_board_model - INFO -    copy_paste: 0.05
2025-09-17 19:02:20,738 - DualBoardTrainer_rebalanced_dual_board_model - INFO -    val: True
2025-09-17 19:02:20,738 - DualBoardTrainer_rebalanced_dual_board_model - INFO -    save: True
2025-09-17 19:02:20,738 - DualBoardTrainer_rebalanced_dual_board_model - INFO -    save_period: 10
2025-09-17 19:02:20,738 - DualBoardTrainer_rebalanced_dual_board_model - INFO -    plots: True
2025-09-17 19:02:20,738 - DualBoardTrainer_rebalanced_dual_board_model - INFO -    verbose: True
2025-09-17 19:02:20,738 - DualBoardTrainer_rebalanced_dual_board_model - INFO -    amp: True
2025-09-17 19:02:20,738 - DualBoardTrainer_rebalanced_dual_board_model - INFO -    fraction: 1.0
2025-09-17 19:02:20,738 - DualBoardTrainer_rebalanced_dual_board_model - INFO -    profile: False
2025-09-17 19:02:20,738 - DualBoardTrainer_rebalanced_dual_board_model - INFO -    freeze: None
2025-09-17 19:02:20,738 - DualBoardTrainer_rebalanced_dual_board_model - INFO -    multi_scale: False
2025-09-17 19:02:20,738 - DualBoardTrainer_rebalanced_dual_board_model - INFO -    overlap_mask: True
2025-09-17 19:02:20,738 - DualBoardTrainer_rebalanced_dual_board_model - INFO -    mask_ratio: 4
2025-09-17 19:02:20,738 - DualBoardTrainer_rebalanced_dual_board_model - INFO -    dropout: 0.0
2025-09-17 19:02:20,738 - DualBoardTrainer_rebalanced_dual_board_model - INFO -    label_smoothing: 0.0
2025-09-17 19:02:20,738 - DualBoardTrainer_rebalanced_dual_board_model - INFO -    nbs: 64
2025-09-17 19:02:20,738 - DualBoardTrainer_rebalanced_dual_board_model - INFO - Beginning training process...
2025-09-17 19:14:37,823 - DualBoardTrainer_rebalanced_dual_board_model - INFO - Logging setup complete: C:\Users\munee\OneDrive\Desktop\robotics-research\logs\dual_board_training_rebalanced_dual_board_model.log
2025-09-17 19:14:37,823 - DualBoardTrainer_rebalanced_dual_board_model - INFO - Dual Board Model Trainer Initialized
2025-09-17 19:14:37,823 - DualBoardTrainer_rebalanced_dual_board_model - INFO -    Base model: yolov8x.pt
2025-09-17 19:14:37,823 - DualBoardTrainer_rebalanced_dual_board_model - INFO -    Experiment: rebalanced_dual_board_model
2025-09-17 19:14:37,824 - DualBoardTrainer_rebalanced_dual_board_model - INFO -    GPU available: True
2025-09-17 19:14:37,824 - DualBoardTrainer_rebalanced_dual_board_model - INFO -    Using GPU: True
2025-09-17 19:14:37,830 - DualBoardTrainer_rebalanced_dual_board_model - INFO -    GPU: NVIDIA GeForce RTX 4070 Ti (12.0GB)
2025-09-17 19:14:37,830 - DualBoardTrainer_rebalanced_dual_board_model - INFO - Starting dual board model training...
2025-09-17 19:14:37,830 - DualBoardTrainer_rebalanced_dual_board_model - INFO - Validating dataset...
2025-09-17 19:14:37,837 - DualBoardTrainer_rebalanced_dual_board_model - ERROR - Dataset root does not exist: \Users\mk\robotics-scripts\robotics-scripts\dual_board_augmented_dataset
2025-09-17 19:14:37,837 - DualBoardTrainer_rebalanced_dual_board_model - ERROR - Dataset validation failed!
2025-09-17 19:16:40,239 - DualBoardTrainer_rebalanced_dual_board_model - INFO - Logging setup complete: C:\Users\munee\OneDrive\Desktop\robotics-research\logs\dual_board_training_rebalanced_dual_board_model.log
2025-09-17 19:16:40,240 - DualBoardTrainer_rebalanced_dual_board_model - INFO - Dual Board Model Trainer Initialized
2025-09-17 19:16:40,240 - DualBoardTrainer_rebalanced_dual_board_model - INFO -    Base model: yolov8x.pt
2025-09-17 19:16:40,240 - DualBoardTrainer_rebalanced_dual_board_model - INFO -    Experiment: rebalanced_dual_board_model
2025-09-17 19:16:40,240 - DualBoardTrainer_rebalanced_dual_board_model - INFO -    GPU available: True
2025-09-17 19:16:40,240 - DualBoardTrainer_rebalanced_dual_board_model - INFO -    Using GPU: True
2025-09-17 19:16:40,241 - DualBoardTrainer_rebalanced_dual_board_model - INFO -    GPU: NVIDIA GeForce RTX 4070 Ti (12.0GB)
2025-09-17 19:16:40,241 - DualBoardTrainer_rebalanced_dual_board_model - INFO - Starting dual board model training...
2025-09-17 19:16:40,241 - DualBoardTrainer_rebalanced_dual_board_model - INFO - Validating dataset...
2025-09-17 19:16:40,242 - DualBoardTrainer_rebalanced_dual_board_model - ERROR - Dataset root does not exist: \Users\mk\robotics-scripts\robotics-scripts\dual_board_augmented_dataset
2025-09-17 19:16:40,242 - DualBoardTrainer_rebalanced_dual_board_model - ERROR - Dataset validation failed!
